// Jest Snapshot v1, https://goo.gl/fbAQLP

exports[`BrawlStarsPicutre component debe de hacer match con el snapshot 1`] = `<div class="brawlstars-container"><img src="https://jugaz.github.io/brawl-start-api/images/1.png" class="hidden-brawlstars" alt="brawlstars"></div>`;
